// Jest Snapshot v1, https://goo.gl/fbAQLP

exports[`autocomplete for \`type\` show \`implements\` && \`{\` after typename 1`] = `
Array [
  Object {
    "text": "implements",
    "type": "Implements",
  },
  Object {
    "text": "{",
  },
]
`;
