// Jest Snapshot v1, https://goo.gl/fbAQLP

exports[`contentful extend node type createUrl allows you to create URls 1`] = `"//images.contentful.com/dsf/bl.jpg?w=100"`;

exports[`contentful extend node type createUrl ignores options it doesn't understand 1`] = `"//images.contentful.com/dsf/bl.jpg?"`;

exports[`contentful extend node type resolveFixed filters out sizes larger than the image's width 1`] = `
Object {
  "aspectRatio": 0.75,
  "baseUrl": "//images.contentful.com/ubriaw6jfhm1/10TkaLheGeQG6qQGqWYqUI/5421d3108cbb699561acabd594fa2cb0/ryugj83mqwa1asojwtwb.jpg",
  "height": 3000,
  "src": "//images.contentful.com/ubriaw6jfhm1/10TkaLheGeQG6qQGqWYqUI/5421d3108cbb699561acabd594fa2cb0/ryugj83mqwa1asojwtwb.jpg?w=2250",
  "srcSet": "//images.contentful.com/ubriaw6jfhm1/10TkaLheGeQG6qQGqWYqUI/5421d3108cbb699561acabd594fa2cb0/ryugj83mqwa1asojwtwb.jpg?w=2250&h=3000 1x",
  "width": 2250,
}
`;

exports[`contentful extend node type resolveFixed generates responsive resolution data for images using all options 1`] = `
Object {
  "aspectRatio": 1.1278195488721805,
  "baseUrl": "//images.contentful.com/ubriaw6jfhm1/10TkaLheGeQG6qQGqWYqUI/5421d3108cbb699561acabd594fa2cb0/ryugj83mqwa1asojwtwb.jpg",
  "height": 399,
  "src": "//images.contentful.com/ubriaw6jfhm1/10TkaLheGeQG6qQGqWYqUI/5421d3108cbb699561acabd594fa2cb0/ryugj83mqwa1asojwtwb.jpg?w=450&h=399&q=50&fit=fill&bg=rgb%3A000000",
  "srcSet": "//images.contentful.com/ubriaw6jfhm1/10TkaLheGeQG6qQGqWYqUI/5421d3108cbb699561acabd594fa2cb0/ryugj83mqwa1asojwtwb.jpg?w=450&h=399&q=50&fit=fill&bg=rgb%3A000000 1x,
//images.contentful.com/ubriaw6jfhm1/10TkaLheGeQG6qQGqWYqUI/5421d3108cbb699561acabd594fa2cb0/ryugj83mqwa1asojwtwb.jpg?w=675&h=599&q=50&fit=fill&bg=rgb%3A000000 1.5x,
//images.contentful.com/ubriaw6jfhm1/10TkaLheGeQG6qQGqWYqUI/5421d3108cbb699561acabd594fa2cb0/ryugj83mqwa1asojwtwb.jpg?w=900&h=798&q=50&fit=fill&bg=rgb%3A000000 2x,
//images.contentful.com/ubriaw6jfhm1/10TkaLheGeQG6qQGqWYqUI/5421d3108cbb699561acabd594fa2cb0/ryugj83mqwa1asojwtwb.jpg?w=1350&h=1197&q=50&fit=fill&bg=rgb%3A000000 3x",
  "width": 450,
}
`;

exports[`contentful extend node type resolveFixed generates responsive resolution data for images using height option 1`] = `
Object {
  "aspectRatio": 0.75,
  "baseUrl": "//images.contentful.com/ubriaw6jfhm1/10TkaLheGeQG6qQGqWYqUI/5421d3108cbb699561acabd594fa2cb0/ryugj83mqwa1asojwtwb.jpg",
  "height": 400,
  "src": "//images.contentful.com/ubriaw6jfhm1/10TkaLheGeQG6qQGqWYqUI/5421d3108cbb699561acabd594fa2cb0/ryugj83mqwa1asojwtwb.jpg?w=300&h=400&fit=fill",
  "srcSet": "//images.contentful.com/ubriaw6jfhm1/10TkaLheGeQG6qQGqWYqUI/5421d3108cbb699561acabd594fa2cb0/ryugj83mqwa1asojwtwb.jpg?w=300&h=400&fit=fill 1x,
//images.contentful.com/ubriaw6jfhm1/10TkaLheGeQG6qQGqWYqUI/5421d3108cbb699561acabd594fa2cb0/ryugj83mqwa1asojwtwb.jpg?w=450&h=600&fit=fill 1.5x,
//images.contentful.com/ubriaw6jfhm1/10TkaLheGeQG6qQGqWYqUI/5421d3108cbb699561acabd594fa2cb0/ryugj83mqwa1asojwtwb.jpg?w=600&h=800&fit=fill 2x,
//images.contentful.com/ubriaw6jfhm1/10TkaLheGeQG6qQGqWYqUI/5421d3108cbb699561acabd594fa2cb0/ryugj83mqwa1asojwtwb.jpg?w=900&h=1200&fit=fill 3x",
  "width": 300,
}
`;

exports[`contentful extend node type resolveFixed generates responsive resolution data for images using width option 1`] = `
Object {
  "aspectRatio": 0.75,
  "baseUrl": "//images.contentful.com/ubriaw6jfhm1/10TkaLheGeQG6qQGqWYqUI/5421d3108cbb699561acabd594fa2cb0/ryugj83mqwa1asojwtwb.jpg",
  "height": 533,
  "src": "//images.contentful.com/ubriaw6jfhm1/10TkaLheGeQG6qQGqWYqUI/5421d3108cbb699561acabd594fa2cb0/ryugj83mqwa1asojwtwb.jpg?w=400",
  "srcSet": "//images.contentful.com/ubriaw6jfhm1/10TkaLheGeQG6qQGqWYqUI/5421d3108cbb699561acabd594fa2cb0/ryugj83mqwa1asojwtwb.jpg?w=400&h=533 1x,
//images.contentful.com/ubriaw6jfhm1/10TkaLheGeQG6qQGqWYqUI/5421d3108cbb699561acabd594fa2cb0/ryugj83mqwa1asojwtwb.jpg?w=600&h=800 1.5x,
//images.contentful.com/ubriaw6jfhm1/10TkaLheGeQG6qQGqWYqUI/5421d3108cbb699561acabd594fa2cb0/ryugj83mqwa1asojwtwb.jpg?w=800&h=1067 2x,
//images.contentful.com/ubriaw6jfhm1/10TkaLheGeQG6qQGqWYqUI/5421d3108cbb699561acabd594fa2cb0/ryugj83mqwa1asojwtwb.jpg?w=1200&h=1600 3x",
  "width": 400,
}
`;

exports[`contentful extend node type resolveFluid filters out sizes larger than the image's width 1`] = `
Object {
  "aspectRatio": 0.75,
  "baseUrl": "//images.contentful.com/ubriaw6jfhm1/10TkaLheGeQG6qQGqWYqUI/5421d3108cbb699561acabd594fa2cb0/ryugj83mqwa1asojwtwb.jpg",
  "sizes": "(max-width: 2250px) 100vw, 2250px",
  "src": "//images.contentful.com/ubriaw6jfhm1/10TkaLheGeQG6qQGqWYqUI/5421d3108cbb699561acabd594fa2cb0/ryugj83mqwa1asojwtwb.jpg?w=2250",
  "srcSet": "//images.contentful.com/ubriaw6jfhm1/10TkaLheGeQG6qQGqWYqUI/5421d3108cbb699561acabd594fa2cb0/ryugj83mqwa1asojwtwb.jpg?w=563&h=751 563w,
//images.contentful.com/ubriaw6jfhm1/10TkaLheGeQG6qQGqWYqUI/5421d3108cbb699561acabd594fa2cb0/ryugj83mqwa1asojwtwb.jpg?w=1125&h=1500 1125w,
//images.contentful.com/ubriaw6jfhm1/10TkaLheGeQG6qQGqWYqUI/5421d3108cbb699561acabd594fa2cb0/ryugj83mqwa1asojwtwb.jpg?w=2250&h=3000 2250w",
}
`;

exports[`contentful extend node type resolveFluid generates fluid sizes data for images using all options 1`] = `
Object {
  "aspectRatio": 1.1278195488721805,
  "baseUrl": "//images.contentful.com/ubriaw6jfhm1/10TkaLheGeQG6qQGqWYqUI/5421d3108cbb699561acabd594fa2cb0/ryugj83mqwa1asojwtwb.jpg",
  "sizes": "(max-width: 450px) 100vw, 450px",
  "src": "//images.contentful.com/ubriaw6jfhm1/10TkaLheGeQG6qQGqWYqUI/5421d3108cbb699561acabd594fa2cb0/ryugj83mqwa1asojwtwb.jpg?w=450&h=399&q=50&bg=rgb%3A000000",
  "srcSet": "//images.contentful.com/ubriaw6jfhm1/10TkaLheGeQG6qQGqWYqUI/5421d3108cbb699561acabd594fa2cb0/ryugj83mqwa1asojwtwb.jpg?w=113&h=100&q=50&bg=rgb%3A000000 113w,
//images.contentful.com/ubriaw6jfhm1/10TkaLheGeQG6qQGqWYqUI/5421d3108cbb699561acabd594fa2cb0/ryugj83mqwa1asojwtwb.jpg?w=225&h=200&q=50&bg=rgb%3A000000 225w,
//images.contentful.com/ubriaw6jfhm1/10TkaLheGeQG6qQGqWYqUI/5421d3108cbb699561acabd594fa2cb0/ryugj83mqwa1asojwtwb.jpg?w=450&h=399&q=50&bg=rgb%3A000000 450w,
//images.contentful.com/ubriaw6jfhm1/10TkaLheGeQG6qQGqWYqUI/5421d3108cbb699561acabd594fa2cb0/ryugj83mqwa1asojwtwb.jpg?w=675&h=599&q=50&bg=rgb%3A000000 675w,
//images.contentful.com/ubriaw6jfhm1/10TkaLheGeQG6qQGqWYqUI/5421d3108cbb699561acabd594fa2cb0/ryugj83mqwa1asojwtwb.jpg?w=900&h=798&q=50&bg=rgb%3A000000 900w,
//images.contentful.com/ubriaw6jfhm1/10TkaLheGeQG6qQGqWYqUI/5421d3108cbb699561acabd594fa2cb0/ryugj83mqwa1asojwtwb.jpg?w=1350&h=1197&q=50&bg=rgb%3A000000 1350w",
}
`;

exports[`contentful extend node type resolveFluid generates responsive size data for images given a maxHeight 1`] = `
Object {
  "aspectRatio": 0.75,
  "baseUrl": "//images.contentful.com/ubriaw6jfhm1/10TkaLheGeQG6qQGqWYqUI/5421d3108cbb699561acabd594fa2cb0/ryugj83mqwa1asojwtwb.jpg",
  "sizes": "(max-width: 300px) 100vw, 300px",
  "src": "//images.contentful.com/ubriaw6jfhm1/10TkaLheGeQG6qQGqWYqUI/5421d3108cbb699561acabd594fa2cb0/ryugj83mqwa1asojwtwb.jpg?w=300&h=400",
  "srcSet": "//images.contentful.com/ubriaw6jfhm1/10TkaLheGeQG6qQGqWYqUI/5421d3108cbb699561acabd594fa2cb0/ryugj83mqwa1asojwtwb.jpg?w=75&h=100 75w,
//images.contentful.com/ubriaw6jfhm1/10TkaLheGeQG6qQGqWYqUI/5421d3108cbb699561acabd594fa2cb0/ryugj83mqwa1asojwtwb.jpg?w=150&h=200 150w,
//images.contentful.com/ubriaw6jfhm1/10TkaLheGeQG6qQGqWYqUI/5421d3108cbb699561acabd594fa2cb0/ryugj83mqwa1asojwtwb.jpg?w=300&h=400 300w,
//images.contentful.com/ubriaw6jfhm1/10TkaLheGeQG6qQGqWYqUI/5421d3108cbb699561acabd594fa2cb0/ryugj83mqwa1asojwtwb.jpg?w=450&h=600 450w,
//images.contentful.com/ubriaw6jfhm1/10TkaLheGeQG6qQGqWYqUI/5421d3108cbb699561acabd594fa2cb0/ryugj83mqwa1asojwtwb.jpg?w=600&h=800 600w,
//images.contentful.com/ubriaw6jfhm1/10TkaLheGeQG6qQGqWYqUI/5421d3108cbb699561acabd594fa2cb0/ryugj83mqwa1asojwtwb.jpg?w=900&h=1200 900w",
}
`;

exports[`contentful extend node type resolveFluid generates responsive size data for images given a maxWidth 1`] = `
Object {
  "aspectRatio": 0.75,
  "baseUrl": "//images.contentful.com/ubriaw6jfhm1/10TkaLheGeQG6qQGqWYqUI/5421d3108cbb699561acabd594fa2cb0/ryugj83mqwa1asojwtwb.jpg",
  "sizes": "(max-width: 400px) 100vw, 400px",
  "src": "//images.contentful.com/ubriaw6jfhm1/10TkaLheGeQG6qQGqWYqUI/5421d3108cbb699561acabd594fa2cb0/ryugj83mqwa1asojwtwb.jpg?w=400",
  "srcSet": "//images.contentful.com/ubriaw6jfhm1/10TkaLheGeQG6qQGqWYqUI/5421d3108cbb699561acabd594fa2cb0/ryugj83mqwa1asojwtwb.jpg?w=100&h=133 100w,
//images.contentful.com/ubriaw6jfhm1/10TkaLheGeQG6qQGqWYqUI/5421d3108cbb699561acabd594fa2cb0/ryugj83mqwa1asojwtwb.jpg?w=200&h=267 200w,
//images.contentful.com/ubriaw6jfhm1/10TkaLheGeQG6qQGqWYqUI/5421d3108cbb699561acabd594fa2cb0/ryugj83mqwa1asojwtwb.jpg?w=400&h=533 400w,
//images.contentful.com/ubriaw6jfhm1/10TkaLheGeQG6qQGqWYqUI/5421d3108cbb699561acabd594fa2cb0/ryugj83mqwa1asojwtwb.jpg?w=600&h=800 600w,
//images.contentful.com/ubriaw6jfhm1/10TkaLheGeQG6qQGqWYqUI/5421d3108cbb699561acabd594fa2cb0/ryugj83mqwa1asojwtwb.jpg?w=800&h=1067 800w,
//images.contentful.com/ubriaw6jfhm1/10TkaLheGeQG6qQGqWYqUI/5421d3108cbb699561acabd594fa2cb0/ryugj83mqwa1asojwtwb.jpg?w=1200&h=1600 1200w",
}
`;

exports[`contentful extend node type resolveFluid generates responsive size data for images using a default maxWidth 1`] = `
Object {
  "aspectRatio": 0.75,
  "baseUrl": "//images.contentful.com/ubriaw6jfhm1/10TkaLheGeQG6qQGqWYqUI/5421d3108cbb699561acabd594fa2cb0/ryugj83mqwa1asojwtwb.jpg",
  "sizes": "(max-width: 800px) 100vw, 800px",
  "src": "//images.contentful.com/ubriaw6jfhm1/10TkaLheGeQG6qQGqWYqUI/5421d3108cbb699561acabd594fa2cb0/ryugj83mqwa1asojwtwb.jpg?w=800",
  "srcSet": "//images.contentful.com/ubriaw6jfhm1/10TkaLheGeQG6qQGqWYqUI/5421d3108cbb699561acabd594fa2cb0/ryugj83mqwa1asojwtwb.jpg?w=200&h=267 200w,
//images.contentful.com/ubriaw6jfhm1/10TkaLheGeQG6qQGqWYqUI/5421d3108cbb699561acabd594fa2cb0/ryugj83mqwa1asojwtwb.jpg?w=400&h=533 400w,
//images.contentful.com/ubriaw6jfhm1/10TkaLheGeQG6qQGqWYqUI/5421d3108cbb699561acabd594fa2cb0/ryugj83mqwa1asojwtwb.jpg?w=800&h=1067 800w,
//images.contentful.com/ubriaw6jfhm1/10TkaLheGeQG6qQGqWYqUI/5421d3108cbb699561acabd594fa2cb0/ryugj83mqwa1asojwtwb.jpg?w=1200&h=1600 1200w,
//images.contentful.com/ubriaw6jfhm1/10TkaLheGeQG6qQGqWYqUI/5421d3108cbb699561acabd594fa2cb0/ryugj83mqwa1asojwtwb.jpg?w=1600&h=2133 1600w,
//images.contentful.com/ubriaw6jfhm1/10TkaLheGeQG6qQGqWYqUI/5421d3108cbb699561acabd594fa2cb0/ryugj83mqwa1asojwtwb.jpg?w=2400&h=3200 2400w",
}
`;

exports[`contentful extend node type resolveResize generates resized images given a certain height 1`] = `
Object {
  "aspectRatio": 0.75,
  "baseUrl": "//images.contentful.com/ubriaw6jfhm1/10TkaLheGeQG6qQGqWYqUI/5421d3108cbb699561acabd594fa2cb0/ryugj83mqwa1asojwtwb.jpg",
  "height": 600,
  "src": "//images.contentful.com/ubriaw6jfhm1/10TkaLheGeQG6qQGqWYqUI/5421d3108cbb699561acabd594fa2cb0/ryugj83mqwa1asojwtwb.jpg?h=600",
  "width": 450,
}
`;

exports[`contentful extend node type resolveResize generates resized images given a certain width 1`] = `
Object {
  "aspectRatio": 0.75,
  "baseUrl": "//images.contentful.com/ubriaw6jfhm1/10TkaLheGeQG6qQGqWYqUI/5421d3108cbb699561acabd594fa2cb0/ryugj83mqwa1asojwtwb.jpg",
  "height": 533,
  "src": "//images.contentful.com/ubriaw6jfhm1/10TkaLheGeQG6qQGqWYqUI/5421d3108cbb699561acabd594fa2cb0/ryugj83mqwa1asojwtwb.jpg?w=400",
  "width": 400,
}
`;

exports[`contentful extend node type resolveResize generates resized images using a default width 1`] = `
Object {
  "aspectRatio": 0.75,
  "baseUrl": "//images.contentful.com/ubriaw6jfhm1/10TkaLheGeQG6qQGqWYqUI/5421d3108cbb699561acabd594fa2cb0/ryugj83mqwa1asojwtwb.jpg",
  "height": 533,
  "src": "//images.contentful.com/ubriaw6jfhm1/10TkaLheGeQG6qQGqWYqUI/5421d3108cbb699561acabd594fa2cb0/ryugj83mqwa1asojwtwb.jpg?w=400",
  "width": 400,
}
`;

exports[`contentful extend node type resolveResize generates resized images using all options 1`] = `
Object {
  "aspectRatio": 1.1278195488721805,
  "baseUrl": "//images.contentful.com/ubriaw6jfhm1/10TkaLheGeQG6qQGqWYqUI/5421d3108cbb699561acabd594fa2cb0/ryugj83mqwa1asojwtwb.jpg",
  "height": 399,
  "src": "//images.contentful.com/ubriaw6jfhm1/10TkaLheGeQG6qQGqWYqUI/5421d3108cbb699561acabd594fa2cb0/ryugj83mqwa1asojwtwb.jpg?w=450&h=399&q=50&fit=fill&bg=rgb%3A000000",
  "width": 450,
}
`;
