// Jest Snapshot v1, https://goo.gl/fbAQLP

exports[`Utils - getSharedProps: getSharedProps returns correct object 1`] = `
Object {
  "$adjoined": "none",
  "$disabled": false,
  "$error": false,
  "$isFocused": true,
  "$positive": false,
  "$required": false,
  "$size": "default",
}
`;
