// Jest Snapshot v1, https://goo.gl/fbAQLP

exports[`remark katex plugin renders double $ inlineMath node properly 1`] = `
Object {
  "children": Array [
    Object {
      "children": Array [
        Object {
          "data": Object {
            "hChildren": Array [
              Object {
                "type": "text",
                "value": "a^2 + b^2 = c^2",
              },
            ],
            "hName": "span",
            "hProperties": Object {
              "className": "inlineMath",
            },
          },
          "position": Position {
            "end": Object {
              "column": 20,
              "line": 1,
              "offset": 19,
            },
            "indent": Array [],
            "start": Object {
              "column": 1,
              "line": 1,
              "offset": 0,
            },
          },
          "type": "html",
          "value": "<span class=\\"katex\\"><span class=\\"katex-mathml\\"><math xmlns=\\"http://www.w3.org/1998/Math/MathML\\"><semantics><mrow><msup><mi>a</mi><mn>2</mn></msup><mo>+</mo><msup><mi>b</mi><mn>2</mn></msup><mo>=</mo><msup><mi>c</mi><mn>2</mn></msup></mrow><annotation encoding=\\"application/x-tex\\">a^2 + b^2 = c^2</annotation></semantics></math></span><span class=\\"katex-html\\" aria-hidden=\\"true\\"><span class=\\"base\\"><span class=\\"strut\\" style=\\"height:0.897438em;vertical-align:-0.08333em;\\"></span><span class=\\"mord\\"><span class=\\"mord mathnormal\\">a</span><span class=\\"msupsub\\"><span class=\\"vlist-t\\"><span class=\\"vlist-r\\"><span class=\\"vlist\\" style=\\"height:0.8141079999999999em;\\"><span style=\\"top:-3.063em;margin-right:0.05em;\\"><span class=\\"pstrut\\" style=\\"height:2.7em;\\"></span><span class=\\"sizing reset-size6 size3 mtight\\"><span class=\\"mord mtight\\">2</span></span></span></span></span></span></span></span><span class=\\"mspace\\" style=\\"margin-right:0.2222222222222222em;\\"></span><span class=\\"mbin\\">+</span><span class=\\"mspace\\" style=\\"margin-right:0.2222222222222222em;\\"></span></span><span class=\\"base\\"><span class=\\"strut\\" style=\\"height:0.8141079999999999em;vertical-align:0em;\\"></span><span class=\\"mord\\"><span class=\\"mord mathnormal\\">b</span><span class=\\"msupsub\\"><span class=\\"vlist-t\\"><span class=\\"vlist-r\\"><span class=\\"vlist\\" style=\\"height:0.8141079999999999em;\\"><span style=\\"top:-3.063em;margin-right:0.05em;\\"><span class=\\"pstrut\\" style=\\"height:2.7em;\\"></span><span class=\\"sizing reset-size6 size3 mtight\\"><span class=\\"mord mtight\\">2</span></span></span></span></span></span></span></span><span class=\\"mspace\\" style=\\"margin-right:0.2777777777777778em;\\"></span><span class=\\"mrel\\">=</span><span class=\\"mspace\\" style=\\"margin-right:0.2777777777777778em;\\"></span></span><span class=\\"base\\"><span class=\\"strut\\" style=\\"height:0.8141079999999999em;vertical-align:0em;\\"></span><span class=\\"mord\\"><span class=\\"mord mathnormal\\">c</span><span class=\\"msupsub\\"><span class=\\"vlist-t\\"><span class=\\"vlist-r\\"><span class=\\"vlist\\" style=\\"height:0.8141079999999999em;\\"><span style=\\"top:-3.063em;margin-right:0.05em;\\"><span class=\\"pstrut\\" style=\\"height:2.7em;\\"></span><span class=\\"sizing reset-size6 size3 mtight\\"><span class=\\"mord mtight\\">2</span></span></span></span></span></span></span></span></span></span></span>",
        },
      ],
      "position": Position {
        "end": Object {
          "column": 20,
          "line": 1,
          "offset": 19,
        },
        "indent": Array [],
        "start": Object {
          "column": 1,
          "line": 1,
          "offset": 0,
        },
      },
      "type": "paragraph",
    },
  ],
  "position": Object {
    "end": Object {
      "column": 20,
      "line": 1,
      "offset": 19,
    },
    "start": Object {
      "column": 1,
      "line": 1,
      "offset": 0,
    },
  },
  "type": "root",
}
`;

exports[`remark katex plugin renders inlineMath node properly 1`] = `
Object {
  "children": Array [
    Object {
      "children": Array [
        Object {
          "data": Object {
            "hChildren": Array [
              Object {
                "type": "text",
                "value": "a^2 + b^2 = c^2",
              },
            ],
            "hName": "span",
            "hProperties": Object {
              "className": "inlineMath",
            },
          },
          "position": Position {
            "end": Object {
              "column": 18,
              "line": 1,
              "offset": 17,
            },
            "indent": Array [],
            "start": Object {
              "column": 1,
              "line": 1,
              "offset": 0,
            },
          },
          "type": "html",
          "value": "<span class=\\"katex\\"><span class=\\"katex-mathml\\"><math xmlns=\\"http://www.w3.org/1998/Math/MathML\\"><semantics><mrow><msup><mi>a</mi><mn>2</mn></msup><mo>+</mo><msup><mi>b</mi><mn>2</mn></msup><mo>=</mo><msup><mi>c</mi><mn>2</mn></msup></mrow><annotation encoding=\\"application/x-tex\\">a^2 + b^2 = c^2</annotation></semantics></math></span><span class=\\"katex-html\\" aria-hidden=\\"true\\"><span class=\\"base\\"><span class=\\"strut\\" style=\\"height:0.897438em;vertical-align:-0.08333em;\\"></span><span class=\\"mord\\"><span class=\\"mord mathnormal\\">a</span><span class=\\"msupsub\\"><span class=\\"vlist-t\\"><span class=\\"vlist-r\\"><span class=\\"vlist\\" style=\\"height:0.8141079999999999em;\\"><span style=\\"top:-3.063em;margin-right:0.05em;\\"><span class=\\"pstrut\\" style=\\"height:2.7em;\\"></span><span class=\\"sizing reset-size6 size3 mtight\\"><span class=\\"mord mtight\\">2</span></span></span></span></span></span></span></span><span class=\\"mspace\\" style=\\"margin-right:0.2222222222222222em;\\"></span><span class=\\"mbin\\">+</span><span class=\\"mspace\\" style=\\"margin-right:0.2222222222222222em;\\"></span></span><span class=\\"base\\"><span class=\\"strut\\" style=\\"height:0.8141079999999999em;vertical-align:0em;\\"></span><span class=\\"mord\\"><span class=\\"mord mathnormal\\">b</span><span class=\\"msupsub\\"><span class=\\"vlist-t\\"><span class=\\"vlist-r\\"><span class=\\"vlist\\" style=\\"height:0.8141079999999999em;\\"><span style=\\"top:-3.063em;margin-right:0.05em;\\"><span class=\\"pstrut\\" style=\\"height:2.7em;\\"></span><span class=\\"sizing reset-size6 size3 mtight\\"><span class=\\"mord mtight\\">2</span></span></span></span></span></span></span></span><span class=\\"mspace\\" style=\\"margin-right:0.2777777777777778em;\\"></span><span class=\\"mrel\\">=</span><span class=\\"mspace\\" style=\\"margin-right:0.2777777777777778em;\\"></span></span><span class=\\"base\\"><span class=\\"strut\\" style=\\"height:0.8141079999999999em;vertical-align:0em;\\"></span><span class=\\"mord\\"><span class=\\"mord mathnormal\\">c</span><span class=\\"msupsub\\"><span class=\\"vlist-t\\"><span class=\\"vlist-r\\"><span class=\\"vlist\\" style=\\"height:0.8141079999999999em;\\"><span style=\\"top:-3.063em;margin-right:0.05em;\\"><span class=\\"pstrut\\" style=\\"height:2.7em;\\"></span><span class=\\"sizing reset-size6 size3 mtight\\"><span class=\\"mord mtight\\">2</span></span></span></span></span></span></span></span></span></span></span>",
        },
      ],
      "position": Position {
        "end": Object {
          "column": 18,
          "line": 1,
          "offset": 17,
        },
        "indent": Array [],
        "start": Object {
          "column": 1,
          "line": 1,
          "offset": 0,
        },
      },
      "type": "paragraph",
    },
  ],
  "position": Object {
    "end": Object {
      "column": 18,
      "line": 1,
      "offset": 17,
    },
    "start": Object {
      "column": 1,
      "line": 1,
      "offset": 0,
    },
  },
  "type": "root",
}
`;

exports[`remark katex plugin renders math node properly 1`] = `
Object {
  "children": Array [
    Object {
      "data": Object {
        "hChildren": Array [
          Object {
            "type": "text",
            "value": "a^2 + b^2 = c^2",
          },
        ],
        "hName": "div",
        "hProperties": Object {
          "className": "math",
        },
      },
      "position": Position {
        "end": Object {
          "column": 3,
          "line": 3,
          "offset": 21,
        },
        "indent": Array [
          1,
          1,
        ],
        "start": Object {
          "column": 1,
          "line": 1,
          "offset": 0,
        },
      },
      "type": "html",
      "value": "<span class=\\"katex-display\\"><span class=\\"katex\\"><span class=\\"katex-mathml\\"><math xmlns=\\"http://www.w3.org/1998/Math/MathML\\" display=\\"block\\"><semantics><mrow><msup><mi>a</mi><mn>2</mn></msup><mo>+</mo><msup><mi>b</mi><mn>2</mn></msup><mo>=</mo><msup><mi>c</mi><mn>2</mn></msup></mrow><annotation encoding=\\"application/x-tex\\">a^2 + b^2 = c^2</annotation></semantics></math></span><span class=\\"katex-html\\" aria-hidden=\\"true\\"><span class=\\"base\\"><span class=\\"strut\\" style=\\"height:0.9474379999999999em;vertical-align:-0.08333em;\\"></span><span class=\\"mord\\"><span class=\\"mord mathnormal\\">a</span><span class=\\"msupsub\\"><span class=\\"vlist-t\\"><span class=\\"vlist-r\\"><span class=\\"vlist\\" style=\\"height:0.8641079999999999em;\\"><span style=\\"top:-3.113em;margin-right:0.05em;\\"><span class=\\"pstrut\\" style=\\"height:2.7em;\\"></span><span class=\\"sizing reset-size6 size3 mtight\\"><span class=\\"mord mtight\\">2</span></span></span></span></span></span></span></span><span class=\\"mspace\\" style=\\"margin-right:0.2222222222222222em;\\"></span><span class=\\"mbin\\">+</span><span class=\\"mspace\\" style=\\"margin-right:0.2222222222222222em;\\"></span></span><span class=\\"base\\"><span class=\\"strut\\" style=\\"height:0.8641079999999999em;vertical-align:0em;\\"></span><span class=\\"mord\\"><span class=\\"mord mathnormal\\">b</span><span class=\\"msupsub\\"><span class=\\"vlist-t\\"><span class=\\"vlist-r\\"><span class=\\"vlist\\" style=\\"height:0.8641079999999999em;\\"><span style=\\"top:-3.113em;margin-right:0.05em;\\"><span class=\\"pstrut\\" style=\\"height:2.7em;\\"></span><span class=\\"sizing reset-size6 size3 mtight\\"><span class=\\"mord mtight\\">2</span></span></span></span></span></span></span></span><span class=\\"mspace\\" style=\\"margin-right:0.2777777777777778em;\\"></span><span class=\\"mrel\\">=</span><span class=\\"mspace\\" style=\\"margin-right:0.2777777777777778em;\\"></span></span><span class=\\"base\\"><span class=\\"strut\\" style=\\"height:0.8641079999999999em;vertical-align:0em;\\"></span><span class=\\"mord\\"><span class=\\"mord mathnormal\\">c</span><span class=\\"msupsub\\"><span class=\\"vlist-t\\"><span class=\\"vlist-r\\"><span class=\\"vlist\\" style=\\"height:0.8641079999999999em;\\"><span style=\\"top:-3.113em;margin-right:0.05em;\\"><span class=\\"pstrut\\" style=\\"height:2.7em;\\"></span><span class=\\"sizing reset-size6 size3 mtight\\"><span class=\\"mord mtight\\">2</span></span></span></span></span></span></span></span></span></span></span></span>",
    },
  ],
  "position": Object {
    "end": Object {
      "column": 3,
      "line": 3,
      "offset": 21,
    },
    "start": Object {
      "column": 1,
      "line": 1,
      "offset": 0,
    },
  },
  "type": "root",
}
`;
