// Jest Snapshot v1, https://goo.gl/fbAQLP

exports[`Test plugin feed custom properties work properly 1`] = `"<?xml version=\\"1.0\\" encoding=\\"UTF-8\\"?><rss xmlns:dc=\\"http://purl.org/dc/elements/1.1/\\" xmlns:content=\\"http://purl.org/rss/1.0/modules/content/\\" xmlns:atom=\\"http://www.w3.org/2005/Atom\\" version=\\"2.0\\"><channel><title><![CDATA[feed title]]></title><description><![CDATA[a description]]></description><link>http://github.com/dylang/node-rss</link><generator>custom generator</generator><lastBuildDate>Mon, 01 Jan 2018 00:00:00 GMT</lastBuildDate><language><![CDATA[en]]></language><item><title><![CDATA[No title]]></title><description><![CDATA[post description]]></description><link>http://dummy.url/a-custom-path</link><guid isPermaLink=\\"true\\">http://dummy.url/a-custom-path</guid></item><item><title><![CDATA[No title]]></title><description><![CDATA[post description]]></description><link>http://dummy.url/another-custom-path</link><guid isPermaLink=\\"true\\">http://dummy.url/another-custom-path</guid></item></channel></rss>"`;

exports[`Test plugin feed custom query runs 1`] = `"<?xml version=\\"1.0\\" encoding=\\"UTF-8\\"?><rss xmlns:dc=\\"http://purl.org/dc/elements/1.1/\\" xmlns:content=\\"http://purl.org/rss/1.0/modules/content/\\" xmlns:atom=\\"http://www.w3.org/2005/Atom\\" version=\\"2.0\\"><channel><title><![CDATA[my feed]]></title><description><![CDATA[a description]]></description><link>http://github.com/dylang/node-rss</link><generator>GatsbyJS</generator><lastBuildDate>Mon, 01 Jan 2018 00:00:00 GMT</lastBuildDate><item><title><![CDATA[No title]]></title><description><![CDATA[post description]]></description><link>http://dummy.url/a-custom-path</link><guid isPermaLink=\\"true\\">http://dummy.url/a-custom-path</guid></item><item><title><![CDATA[No title]]></title><description><![CDATA[post description]]></description><link>http://dummy.url/another-custom-path</link><guid isPermaLink=\\"true\\">http://dummy.url/another-custom-path</guid></item></channel></rss>"`;

exports[`Test plugin feed default settings work properly 1`] = `"<?xml version=\\"1.0\\" encoding=\\"UTF-8\\"?><rss xmlns:dc=\\"http://purl.org/dc/elements/1.1/\\" xmlns:content=\\"http://purl.org/rss/1.0/modules/content/\\" xmlns:atom=\\"http://www.w3.org/2005/Atom\\" version=\\"2.0\\"><channel><title><![CDATA[a sample title]]></title><description><![CDATA[a description]]></description><link>http://github.com/dylang/node-rss</link><generator>GatsbyJS</generator><lastBuildDate>Mon, 01 Jan 2018 00:00:00 GMT</lastBuildDate><item><title><![CDATA[No title]]></title><description><![CDATA[post description]]></description><link>http://dummy.url/a-slug</link><guid isPermaLink=\\"false\\">http://dummy.url/a-slug</guid><content:encoded></content:encoded></item></channel></rss>"`;

exports[`Test plugin feed options validation throws when invalid plugin options 1`] = `[Error: [Config Validation]: "output" is required]`;

exports[`Test plugin feed options validation throws when invalid plugin options 2`] = `[Error: [Config Validation]: "query" is required]`;