// Jest Snapshot v1, https://goo.gl/fbAQLP
exports[`test fit 1`]=`fit 1`;
exports[`test fit 2`]=`fit 2`;
exports[`test it 1`]=`it 1`;
exports[`test it 2`]=`it 2`;
exports[`test it.only 1`]=`it.only 1`;
exports[`test it.only 2`]=`it.only 2`;
exports[`test it.skip 1`]=`it.skip 1`;
exports[`test it.skip 2`]=`it.skip 2`;
exports[`test test 1`]=`test 1`;
exports[`test test 2`]=`test 2`;
exports[`test test.only 1`]=`test.only 1`;
exports[`test test.only 2`]=`test.only 2`;
exports[`test test.skip 1`]=`test.skip 1`;
exports[`test test.skip 2`]=`test.skip 2`;
exports[`test xit 1`]=`xit 1`;
exports[`test xit 2`]=`xit 2`;
exports[`test xtest 1`]=`xtest 1`;
exports[`test xtest 2`]=`xtest 2`;
