// Jest Snapshot v1, https://goo.gl/fbAQLP

exports[`ignore path (stderr) 1`] = `""`;

exports[`ignore path (stdout) 1`] = `
"regular-module.js
"
`;

exports[`ignore path (write) 1`] = `Array []`;

exports[`support .prettierignore (stderr) 1`] = `""`;

exports[`support .prettierignore (stdout) 1`] = `
"other-regular-modules.js
"
`;

exports[`support .prettierignore (write) 1`] = `Array []`;
