// Jest Snapshot v1, https://goo.gl/fbAQLP

exports[`Retrieves the snapshot status 1`] = `
Array [
  "<bold><green> › 1 snapshot</></> written.",
  "<bold><green> › 1 snapshot</></> updated.",
  "<bold><red> › 1 obsolete snapshot</></> found.",
  "<bold><red>  - test suite with unchecked snapshot</></>",
  "<bold><red> › 1 snapshot test</></> failed.",
]
`;

exports[`Retrieves the snapshot status after a snapshot update 1`] = `
Array [
  "<bold><green> › 2 snapshots</></> written.",
  "<bold><green> › 2 snapshots</></> updated.",
  "<bold><red> › 2 obsolete snapshots</></> removed.",
  "<bold><red>  - first test suite with unchecked snapshot</></>",
  "<bold><red>  - second test suite with unchecked snapshot</></>",
  "<bold><red> › Obsolete snapshot file</></> removed.",
  "<bold><red> › 2 snapshot tests</></> failed.",
]
`;

exports[`Shows no snapshot updates if all snapshots matched 1`] = `Array []`;
