// Jest Snapshot v1, https://goo.gl/fbAQLP

exports[`failing snapshot 1`] = `"bar"`;
