// Jest Snapshot v1, https://goo.gl/fbAQLP

exports[`gatsby-plugin-less Stage: build-html / Less options #1 1`] = `
[MockFunction] {
  "calls": Array [
    Array [
      Object {
        "module": Object {
          "rules": Array [
            Object {
              "oneOf": Array [
                Object {
                  "test": /\\\\\\.module\\\\\\.less\\$/,
                  "use": Array [
                    "css({\\"modules\\":true,\\"importLoaders\\":2})",
                    "postcss({})",
                    Object {
                      "loader": "/resolved/path/less-loader",
                      "options": Object {
                        "lessOptions": Object {
                          "modifyVars": Object {
                            "text-color": "#fff",
                          },
                          "strictMath": true,
                        },
                        "sourceMap": false,
                      },
                    },
                  ],
                },
                Object {
                  "test": /\\\\\\.less\\$/,
                  "use": Array [
                    "null",
                  ],
                },
              ],
            },
          ],
        },
      },
    ],
  ],
  "results": Array [
    Object {
      "type": "return",
      "value": undefined,
    },
  ],
}
`;

exports[`gatsby-plugin-less Stage: build-html / Less options #2 1`] = `
[MockFunction] {
  "calls": Array [
    Array [
      Object {
        "module": Object {
          "rules": Array [
            Object {
              "oneOf": Array [
                Object {
                  "test": /\\\\\\.module\\\\\\.less\\$/,
                  "use": Array [
                    "css({\\"modules\\":true,\\"importLoaders\\":2})",
                    "postcss({})",
                    Object {
                      "loader": "/resolved/path/less-loader",
                      "options": Object {
                        "lessOptions": Object {
                          "modifyVars": Object {
                            "text-color": "#fff",
                          },
                        },
                        "sourceMap": false,
                      },
                    },
                  ],
                },
                Object {
                  "test": /\\\\\\.less\\$/,
                  "use": Array [
                    "null",
                  ],
                },
              ],
            },
          ],
        },
      },
    ],
  ],
  "results": Array [
    Object {
      "type": "return",
      "value": undefined,
    },
  ],
}
`;

exports[`gatsby-plugin-less Stage: build-html / Loader options #1 1`] = `
[MockFunction] {
  "calls": Array [
    Array [
      Object {
        "module": Object {
          "rules": Array [
            Object {
              "oneOf": Array [
                Object {
                  "test": /\\\\\\.module\\\\\\.less\\$/,
                  "use": Array [
                    "css({\\"modules\\":true,\\"importLoaders\\":2})",
                    "postcss({})",
                    Object {
                      "loader": "/resolved/path/less-loader",
                      "options": Object {
                        "appendData": "@env: test;",
                        "lessOptions": Object {},
                        "sourceMap": false,
                      },
                    },
                  ],
                },
                Object {
                  "test": /\\\\\\.less\\$/,
                  "use": Array [
                    "null",
                  ],
                },
              ],
            },
          ],
        },
      },
    ],
  ],
  "results": Array [
    Object {
      "type": "return",
      "value": undefined,
    },
  ],
}
`;

exports[`gatsby-plugin-less Stage: build-html / No options 1`] = `
[MockFunction] {
  "calls": Array [
    Array [
      Object {
        "module": Object {
          "rules": Array [
            Object {
              "oneOf": Array [
                Object {
                  "test": /\\\\\\.module\\\\\\.less\\$/,
                  "use": Array [
                    "css({\\"modules\\":true,\\"importLoaders\\":2})",
                    "postcss({})",
                    Object {
                      "loader": "/resolved/path/less-loader",
                      "options": Object {
                        "lessOptions": Object {},
                        "sourceMap": false,
                      },
                    },
                  ],
                },
                Object {
                  "test": /\\\\\\.less\\$/,
                  "use": Array [
                    "null",
                  ],
                },
              ],
            },
          ],
        },
      },
    ],
  ],
  "results": Array [
    Object {
      "type": "return",
      "value": undefined,
    },
  ],
}
`;

exports[`gatsby-plugin-less Stage: build-html / PostCss plugins 1`] = `
[MockFunction] {
  "calls": Array [
    Array [
      Object {
        "module": Object {
          "rules": Array [
            Object {
              "oneOf": Array [
                Object {
                  "test": /\\\\\\.module\\\\\\.less\\$/,
                  "use": Array [
                    "css({\\"modules\\":true,\\"importLoaders\\":2})",
                    "postcss({\\"plugins\\":[\\"test1\\"]})",
                    Object {
                      "loader": "/resolved/path/less-loader",
                      "options": Object {
                        "lessOptions": Object {},
                        "sourceMap": false,
                      },
                    },
                  ],
                },
                Object {
                  "test": /\\\\\\.less\\$/,
                  "use": Array [
                    "null",
                  ],
                },
              ],
            },
          ],
        },
      },
    ],
  ],
  "results": Array [
    Object {
      "type": "return",
      "value": undefined,
    },
  ],
}
`;

exports[`gatsby-plugin-less Stage: build-html / css-loader options 1`] = `
[MockFunction] {
  "calls": Array [
    Array [
      Object {
        "module": Object {
          "rules": Array [
            Object {
              "oneOf": Array [
                Object {
                  "test": /\\\\\\.module\\\\\\.less\\$/,
                  "use": Array [
                    "css({\\"camelCase\\":false,\\"modules\\":true,\\"importLoaders\\":2})",
                    "postcss({})",
                    Object {
                      "loader": "/resolved/path/less-loader",
                      "options": Object {
                        "lessOptions": Object {},
                        "sourceMap": false,
                      },
                    },
                  ],
                },
                Object {
                  "test": /\\\\\\.less\\$/,
                  "use": Array [
                    "null",
                  ],
                },
              ],
            },
          ],
        },
      },
    ],
  ],
  "results": Array [
    Object {
      "type": "return",
      "value": undefined,
    },
  ],
}
`;

exports[`gatsby-plugin-less Stage: build-javascript / Less options #1 1`] = `
[MockFunction] {
  "calls": Array [
    Array [
      Object {
        "module": Object {
          "rules": Array [
            Object {
              "oneOf": Array [
                Object {
                  "test": /\\\\\\.module\\\\\\.less\\$/,
                  "use": Array [
                    "miniCssExtract",
                    "css({\\"modules\\":true,\\"importLoaders\\":2})",
                    "postcss({})",
                    Object {
                      "loader": "/resolved/path/less-loader",
                      "options": Object {
                        "lessOptions": Object {
                          "modifyVars": Object {
                            "text-color": "#fff",
                          },
                          "strictMath": true,
                        },
                        "sourceMap": false,
                      },
                    },
                  ],
                },
                Object {
                  "test": /\\\\\\.less\\$/,
                  "use": Array [
                    "miniCssExtract",
                    "css({\\"importLoaders\\":2})",
                    "postcss({})",
                    Object {
                      "loader": "/resolved/path/less-loader",
                      "options": Object {
                        "lessOptions": Object {
                          "modifyVars": Object {
                            "text-color": "#fff",
                          },
                          "strictMath": true,
                        },
                        "sourceMap": false,
                      },
                    },
                  ],
                },
              ],
            },
          ],
        },
      },
    ],
  ],
  "results": Array [
    Object {
      "type": "return",
      "value": undefined,
    },
  ],
}
`;

exports[`gatsby-plugin-less Stage: build-javascript / Less options #2 1`] = `
[MockFunction] {
  "calls": Array [
    Array [
      Object {
        "module": Object {
          "rules": Array [
            Object {
              "oneOf": Array [
                Object {
                  "test": /\\\\\\.module\\\\\\.less\\$/,
                  "use": Array [
                    "miniCssExtract",
                    "css({\\"modules\\":true,\\"importLoaders\\":2})",
                    "postcss({})",
                    Object {
                      "loader": "/resolved/path/less-loader",
                      "options": Object {
                        "lessOptions": Object {
                          "modifyVars": Object {
                            "text-color": "#fff",
                          },
                        },
                        "sourceMap": false,
                      },
                    },
                  ],
                },
                Object {
                  "test": /\\\\\\.less\\$/,
                  "use": Array [
                    "miniCssExtract",
                    "css({\\"importLoaders\\":2})",
                    "postcss({})",
                    Object {
                      "loader": "/resolved/path/less-loader",
                      "options": Object {
                        "lessOptions": Object {
                          "modifyVars": Object {
                            "text-color": "#fff",
                          },
                        },
                        "sourceMap": false,
                      },
                    },
                  ],
                },
              ],
            },
          ],
        },
      },
    ],
  ],
  "results": Array [
    Object {
      "type": "return",
      "value": undefined,
    },
  ],
}
`;

exports[`gatsby-plugin-less Stage: build-javascript / Loader options #1 1`] = `
[MockFunction] {
  "calls": Array [
    Array [
      Object {
        "module": Object {
          "rules": Array [
            Object {
              "oneOf": Array [
                Object {
                  "test": /\\\\\\.module\\\\\\.less\\$/,
                  "use": Array [
                    "miniCssExtract",
                    "css({\\"modules\\":true,\\"importLoaders\\":2})",
                    "postcss({})",
                    Object {
                      "loader": "/resolved/path/less-loader",
                      "options": Object {
                        "appendData": "@env: test;",
                        "lessOptions": Object {},
                        "sourceMap": false,
                      },
                    },
                  ],
                },
                Object {
                  "test": /\\\\\\.less\\$/,
                  "use": Array [
                    "miniCssExtract",
                    "css({\\"importLoaders\\":2})",
                    "postcss({})",
                    Object {
                      "loader": "/resolved/path/less-loader",
                      "options": Object {
                        "appendData": "@env: test;",
                        "lessOptions": Object {},
                        "sourceMap": false,
                      },
                    },
                  ],
                },
              ],
            },
          ],
        },
      },
    ],
  ],
  "results": Array [
    Object {
      "type": "return",
      "value": undefined,
    },
  ],
}
`;

exports[`gatsby-plugin-less Stage: build-javascript / No options 1`] = `
[MockFunction] {
  "calls": Array [
    Array [
      Object {
        "module": Object {
          "rules": Array [
            Object {
              "oneOf": Array [
                Object {
                  "test": /\\\\\\.module\\\\\\.less\\$/,
                  "use": Array [
                    "miniCssExtract",
                    "css({\\"modules\\":true,\\"importLoaders\\":2})",
                    "postcss({})",
                    Object {
                      "loader": "/resolved/path/less-loader",
                      "options": Object {
                        "lessOptions": Object {},
                        "sourceMap": false,
                      },
                    },
                  ],
                },
                Object {
                  "test": /\\\\\\.less\\$/,
                  "use": Array [
                    "miniCssExtract",
                    "css({\\"importLoaders\\":2})",
                    "postcss({})",
                    Object {
                      "loader": "/resolved/path/less-loader",
                      "options": Object {
                        "lessOptions": Object {},
                        "sourceMap": false,
                      },
                    },
                  ],
                },
              ],
            },
          ],
        },
      },
    ],
  ],
  "results": Array [
    Object {
      "type": "return",
      "value": undefined,
    },
  ],
}
`;

exports[`gatsby-plugin-less Stage: build-javascript / PostCss plugins 1`] = `
[MockFunction] {
  "calls": Array [
    Array [
      Object {
        "module": Object {
          "rules": Array [
            Object {
              "oneOf": Array [
                Object {
                  "test": /\\\\\\.module\\\\\\.less\\$/,
                  "use": Array [
                    "miniCssExtract",
                    "css({\\"modules\\":true,\\"importLoaders\\":2})",
                    "postcss({\\"plugins\\":[\\"test1\\"]})",
                    Object {
                      "loader": "/resolved/path/less-loader",
                      "options": Object {
                        "lessOptions": Object {},
                        "sourceMap": false,
                      },
                    },
                  ],
                },
                Object {
                  "test": /\\\\\\.less\\$/,
                  "use": Array [
                    "miniCssExtract",
                    "css({\\"importLoaders\\":2})",
                    "postcss({\\"plugins\\":[\\"test1\\"]})",
                    Object {
                      "loader": "/resolved/path/less-loader",
                      "options": Object {
                        "lessOptions": Object {},
                        "sourceMap": false,
                      },
                    },
                  ],
                },
              ],
            },
          ],
        },
      },
    ],
  ],
  "results": Array [
    Object {
      "type": "return",
      "value": undefined,
    },
  ],
}
`;

exports[`gatsby-plugin-less Stage: build-javascript / css-loader options 1`] = `
[MockFunction] {
  "calls": Array [
    Array [
      Object {
        "module": Object {
          "rules": Array [
            Object {
              "oneOf": Array [
                Object {
                  "test": /\\\\\\.module\\\\\\.less\\$/,
                  "use": Array [
                    "miniCssExtract",
                    "css({\\"camelCase\\":false,\\"modules\\":true,\\"importLoaders\\":2})",
                    "postcss({})",
                    Object {
                      "loader": "/resolved/path/less-loader",
                      "options": Object {
                        "lessOptions": Object {},
                        "sourceMap": false,
                      },
                    },
                  ],
                },
                Object {
                  "test": /\\\\\\.less\\$/,
                  "use": Array [
                    "miniCssExtract",
                    "css({\\"camelCase\\":false,\\"importLoaders\\":2})",
                    "postcss({})",
                    Object {
                      "loader": "/resolved/path/less-loader",
                      "options": Object {
                        "lessOptions": Object {},
                        "sourceMap": false,
                      },
                    },
                  ],
                },
              ],
            },
          ],
        },
      },
    ],
  ],
  "results": Array [
    Object {
      "type": "return",
      "value": undefined,
    },
  ],
}
`;

exports[`gatsby-plugin-less Stage: develop / Less options #1 1`] = `
[MockFunction] {
  "calls": Array [
    Array [
      Object {
        "module": Object {
          "rules": Array [
            Object {
              "oneOf": Array [
                Object {
                  "test": /\\\\\\.module\\\\\\.less\\$/,
                  "use": Array [
                    "miniCssExtract",
                    "css({\\"modules\\":true,\\"importLoaders\\":2})",
                    "postcss({})",
                    Object {
                      "loader": "/resolved/path/less-loader",
                      "options": Object {
                        "lessOptions": Object {
                          "modifyVars": Object {
                            "text-color": "#fff",
                          },
                          "strictMath": true,
                        },
                        "sourceMap": true,
                      },
                    },
                  ],
                },
                Object {
                  "test": /\\\\\\.less\\$/,
                  "use": Array [
                    "miniCssExtract",
                    "css({\\"importLoaders\\":2})",
                    "postcss({})",
                    Object {
                      "loader": "/resolved/path/less-loader",
                      "options": Object {
                        "lessOptions": Object {
                          "modifyVars": Object {
                            "text-color": "#fff",
                          },
                          "strictMath": true,
                        },
                        "sourceMap": true,
                      },
                    },
                  ],
                },
              ],
            },
          ],
        },
      },
    ],
  ],
  "results": Array [
    Object {
      "type": "return",
      "value": undefined,
    },
  ],
}
`;

exports[`gatsby-plugin-less Stage: develop / Less options #2 1`] = `
[MockFunction] {
  "calls": Array [
    Array [
      Object {
        "module": Object {
          "rules": Array [
            Object {
              "oneOf": Array [
                Object {
                  "test": /\\\\\\.module\\\\\\.less\\$/,
                  "use": Array [
                    "miniCssExtract",
                    "css({\\"modules\\":true,\\"importLoaders\\":2})",
                    "postcss({})",
                    Object {
                      "loader": "/resolved/path/less-loader",
                      "options": Object {
                        "lessOptions": Object {
                          "modifyVars": Object {
                            "text-color": "#fff",
                          },
                        },
                        "sourceMap": true,
                      },
                    },
                  ],
                },
                Object {
                  "test": /\\\\\\.less\\$/,
                  "use": Array [
                    "miniCssExtract",
                    "css({\\"importLoaders\\":2})",
                    "postcss({})",
                    Object {
                      "loader": "/resolved/path/less-loader",
                      "options": Object {
                        "lessOptions": Object {
                          "modifyVars": Object {
                            "text-color": "#fff",
                          },
                        },
                        "sourceMap": true,
                      },
                    },
                  ],
                },
              ],
            },
          ],
        },
      },
    ],
  ],
  "results": Array [
    Object {
      "type": "return",
      "value": undefined,
    },
  ],
}
`;

exports[`gatsby-plugin-less Stage: develop / Loader options #1 1`] = `
[MockFunction] {
  "calls": Array [
    Array [
      Object {
        "module": Object {
          "rules": Array [
            Object {
              "oneOf": Array [
                Object {
                  "test": /\\\\\\.module\\\\\\.less\\$/,
                  "use": Array [
                    "miniCssExtract",
                    "css({\\"modules\\":true,\\"importLoaders\\":2})",
                    "postcss({})",
                    Object {
                      "loader": "/resolved/path/less-loader",
                      "options": Object {
                        "appendData": "@env: test;",
                        "lessOptions": Object {},
                        "sourceMap": true,
                      },
                    },
                  ],
                },
                Object {
                  "test": /\\\\\\.less\\$/,
                  "use": Array [
                    "miniCssExtract",
                    "css({\\"importLoaders\\":2})",
                    "postcss({})",
                    Object {
                      "loader": "/resolved/path/less-loader",
                      "options": Object {
                        "appendData": "@env: test;",
                        "lessOptions": Object {},
                        "sourceMap": true,
                      },
                    },
                  ],
                },
              ],
            },
          ],
        },
      },
    ],
  ],
  "results": Array [
    Object {
      "type": "return",
      "value": undefined,
    },
  ],
}
`;

exports[`gatsby-plugin-less Stage: develop / No options 1`] = `
[MockFunction] {
  "calls": Array [
    Array [
      Object {
        "module": Object {
          "rules": Array [
            Object {
              "oneOf": Array [
                Object {
                  "test": /\\\\\\.module\\\\\\.less\\$/,
                  "use": Array [
                    "miniCssExtract",
                    "css({\\"modules\\":true,\\"importLoaders\\":2})",
                    "postcss({})",
                    Object {
                      "loader": "/resolved/path/less-loader",
                      "options": Object {
                        "lessOptions": Object {},
                        "sourceMap": true,
                      },
                    },
                  ],
                },
                Object {
                  "test": /\\\\\\.less\\$/,
                  "use": Array [
                    "miniCssExtract",
                    "css({\\"importLoaders\\":2})",
                    "postcss({})",
                    Object {
                      "loader": "/resolved/path/less-loader",
                      "options": Object {
                        "lessOptions": Object {},
                        "sourceMap": true,
                      },
                    },
                  ],
                },
              ],
            },
          ],
        },
      },
    ],
  ],
  "results": Array [
    Object {
      "type": "return",
      "value": undefined,
    },
  ],
}
`;

exports[`gatsby-plugin-less Stage: develop / PostCss plugins 1`] = `
[MockFunction] {
  "calls": Array [
    Array [
      Object {
        "module": Object {
          "rules": Array [
            Object {
              "oneOf": Array [
                Object {
                  "test": /\\\\\\.module\\\\\\.less\\$/,
                  "use": Array [
                    "miniCssExtract",
                    "css({\\"modules\\":true,\\"importLoaders\\":2})",
                    "postcss({\\"plugins\\":[\\"test1\\"]})",
                    Object {
                      "loader": "/resolved/path/less-loader",
                      "options": Object {
                        "lessOptions": Object {},
                        "sourceMap": true,
                      },
                    },
                  ],
                },
                Object {
                  "test": /\\\\\\.less\\$/,
                  "use": Array [
                    "miniCssExtract",
                    "css({\\"importLoaders\\":2})",
                    "postcss({\\"plugins\\":[\\"test1\\"]})",
                    Object {
                      "loader": "/resolved/path/less-loader",
                      "options": Object {
                        "lessOptions": Object {},
                        "sourceMap": true,
                      },
                    },
                  ],
                },
              ],
            },
          ],
        },
      },
    ],
  ],
  "results": Array [
    Object {
      "type": "return",
      "value": undefined,
    },
  ],
}
`;

exports[`gatsby-plugin-less Stage: develop / css-loader options 1`] = `
[MockFunction] {
  "calls": Array [
    Array [
      Object {
        "module": Object {
          "rules": Array [
            Object {
              "oneOf": Array [
                Object {
                  "test": /\\\\\\.module\\\\\\.less\\$/,
                  "use": Array [
                    "miniCssExtract",
                    "css({\\"camelCase\\":false,\\"modules\\":true,\\"importLoaders\\":2})",
                    "postcss({})",
                    Object {
                      "loader": "/resolved/path/less-loader",
                      "options": Object {
                        "lessOptions": Object {},
                        "sourceMap": true,
                      },
                    },
                  ],
                },
                Object {
                  "test": /\\\\\\.less\\$/,
                  "use": Array [
                    "miniCssExtract",
                    "css({\\"camelCase\\":false,\\"importLoaders\\":2})",
                    "postcss({})",
                    Object {
                      "loader": "/resolved/path/less-loader",
                      "options": Object {
                        "lessOptions": Object {},
                        "sourceMap": true,
                      },
                    },
                  ],
                },
              ],
            },
          ],
        },
      },
    ],
  ],
  "results": Array [
    Object {
      "type": "return",
      "value": undefined,
    },
  ],
}
`;

exports[`gatsby-plugin-less Stage: develop-html / Less options #1 1`] = `
[MockFunction] {
  "calls": Array [
    Array [
      Object {
        "module": Object {
          "rules": Array [
            Object {
              "oneOf": Array [
                Object {
                  "test": /\\\\\\.module\\\\\\.less\\$/,
                  "use": Array [
                    "css({\\"modules\\":true,\\"importLoaders\\":2})",
                    "postcss({})",
                    Object {
                      "loader": "/resolved/path/less-loader",
                      "options": Object {
                        "lessOptions": Object {
                          "modifyVars": Object {
                            "text-color": "#fff",
                          },
                          "strictMath": true,
                        },
                        "sourceMap": false,
                      },
                    },
                  ],
                },
                Object {
                  "test": /\\\\\\.less\\$/,
                  "use": Array [
                    "null",
                  ],
                },
              ],
            },
          ],
        },
      },
    ],
  ],
  "results": Array [
    Object {
      "type": "return",
      "value": undefined,
    },
  ],
}
`;

exports[`gatsby-plugin-less Stage: develop-html / Less options #2 1`] = `
[MockFunction] {
  "calls": Array [
    Array [
      Object {
        "module": Object {
          "rules": Array [
            Object {
              "oneOf": Array [
                Object {
                  "test": /\\\\\\.module\\\\\\.less\\$/,
                  "use": Array [
                    "css({\\"modules\\":true,\\"importLoaders\\":2})",
                    "postcss({})",
                    Object {
                      "loader": "/resolved/path/less-loader",
                      "options": Object {
                        "lessOptions": Object {
                          "modifyVars": Object {
                            "text-color": "#fff",
                          },
                        },
                        "sourceMap": false,
                      },
                    },
                  ],
                },
                Object {
                  "test": /\\\\\\.less\\$/,
                  "use": Array [
                    "null",
                  ],
                },
              ],
            },
          ],
        },
      },
    ],
  ],
  "results": Array [
    Object {
      "type": "return",
      "value": undefined,
    },
  ],
}
`;

exports[`gatsby-plugin-less Stage: develop-html / Loader options #1 1`] = `
[MockFunction] {
  "calls": Array [
    Array [
      Object {
        "module": Object {
          "rules": Array [
            Object {
              "oneOf": Array [
                Object {
                  "test": /\\\\\\.module\\\\\\.less\\$/,
                  "use": Array [
                    "css({\\"modules\\":true,\\"importLoaders\\":2})",
                    "postcss({})",
                    Object {
                      "loader": "/resolved/path/less-loader",
                      "options": Object {
                        "appendData": "@env: test;",
                        "lessOptions": Object {},
                        "sourceMap": false,
                      },
                    },
                  ],
                },
                Object {
                  "test": /\\\\\\.less\\$/,
                  "use": Array [
                    "null",
                  ],
                },
              ],
            },
          ],
        },
      },
    ],
  ],
  "results": Array [
    Object {
      "type": "return",
      "value": undefined,
    },
  ],
}
`;

exports[`gatsby-plugin-less Stage: develop-html / No options 1`] = `
[MockFunction] {
  "calls": Array [
    Array [
      Object {
        "module": Object {
          "rules": Array [
            Object {
              "oneOf": Array [
                Object {
                  "test": /\\\\\\.module\\\\\\.less\\$/,
                  "use": Array [
                    "css({\\"modules\\":true,\\"importLoaders\\":2})",
                    "postcss({})",
                    Object {
                      "loader": "/resolved/path/less-loader",
                      "options": Object {
                        "lessOptions": Object {},
                        "sourceMap": false,
                      },
                    },
                  ],
                },
                Object {
                  "test": /\\\\\\.less\\$/,
                  "use": Array [
                    "null",
                  ],
                },
              ],
            },
          ],
        },
      },
    ],
  ],
  "results": Array [
    Object {
      "type": "return",
      "value": undefined,
    },
  ],
}
`;

exports[`gatsby-plugin-less Stage: develop-html / PostCss plugins 1`] = `
[MockFunction] {
  "calls": Array [
    Array [
      Object {
        "module": Object {
          "rules": Array [
            Object {
              "oneOf": Array [
                Object {
                  "test": /\\\\\\.module\\\\\\.less\\$/,
                  "use": Array [
                    "css({\\"modules\\":true,\\"importLoaders\\":2})",
                    "postcss({\\"plugins\\":[\\"test1\\"]})",
                    Object {
                      "loader": "/resolved/path/less-loader",
                      "options": Object {
                        "lessOptions": Object {},
                        "sourceMap": false,
                      },
                    },
                  ],
                },
                Object {
                  "test": /\\\\\\.less\\$/,
                  "use": Array [
                    "null",
                  ],
                },
              ],
            },
          ],
        },
      },
    ],
  ],
  "results": Array [
    Object {
      "type": "return",
      "value": undefined,
    },
  ],
}
`;

exports[`gatsby-plugin-less Stage: develop-html / css-loader options 1`] = `
[MockFunction] {
  "calls": Array [
    Array [
      Object {
        "module": Object {
          "rules": Array [
            Object {
              "oneOf": Array [
                Object {
                  "test": /\\\\\\.module\\\\\\.less\\$/,
                  "use": Array [
                    "css({\\"camelCase\\":false,\\"modules\\":true,\\"importLoaders\\":2})",
                    "postcss({})",
                    Object {
                      "loader": "/resolved/path/less-loader",
                      "options": Object {
                        "lessOptions": Object {},
                        "sourceMap": false,
                      },
                    },
                  ],
                },
                Object {
                  "test": /\\\\\\.less\\$/,
                  "use": Array [
                    "null",
                  ],
                },
              ],
            },
          ],
        },
      },
    ],
  ],
  "results": Array [
    Object {
      "type": "return",
      "value": undefined,
    },
  ],
}
`;
