// Jest Snapshot v1, https://goo.gl/fbAQLP

exports[`does not exceed the timeout 1`] = `
"PASS __tests__/a-banana.js
  âœ“ banana

"
`;

exports[`does not exceed the timeout 2`] = `
"Test Suites: 1 passed, 1 total
Tests:       1 passed, 1 total
Snapshots:   0 total
Time:        <<REPLACED>>
Ran all test suites.
"
`;

exports[`exceeds the timeout 1`] = `
"Test Suites: 1 failed, 1 total
Tests:       1 failed, 1 total
Snapshots:   0 total
Time:        <<REPLACED>>
Ran all test suites.
"
`;
