// Jest Snapshot v1, https://goo.gl/fbAQLP

exports[`empty.js 1`] = `
;
~~~~~~~~~~~~~~~~~~~~~~~~~~~~~~~~~~~~~~~~~~~~~~~~~~~~~~~~~~~~~~~~~~~~~~~~~~~~~~~~


`;
